../Application/User/obd2.c:28:19:OBD2_SendQuery	8	static
../Application/User/obd2.c:63:7:OBD2DecodeEngineLoad	0	static
../Application/User/obd2.c:68:10:OBD2DecodeEngineCoolantTemp	0	static
../Application/User/obd2.c:73:10:OBD2DecodeFuelPressure	0	static
../Application/User/obd2.c:78:10:OBD2DecodeIntakeAirTemp	0	static
../Application/User/obd2.c:83:10:OBD2DecodeEngineSpeed	0	static
../Application/User/obd2.c:88:10:OBD2DecodeRunTime	0	static
../Application/User/obd2.c:93:10:OBD2DecodeVehicleSpeed	0	static
../Application/User/obd2.c:98:7:OBD2DecodeMAFRate	0	static
../Application/User/obd2.c:103:7:OBD2DecodeThrottlePosition	0	static
../Application/User/obd2.c:108:7:OBD2DecodeEngineFuelRate	0	static
../Application/User/obd2.c:114:10:OBD2DecodeManifoldPressure	0	static
../Application/User/obd2.c:119:10:OBD2DecodeOilTemp	0	static
../Application/User/obd2.c:124:10:OBD2DecodeOxySensorVoltage	0	static
../Application/User/obd2.c:129:7:OBD2DecodeOxySensorTrim	0	static
../Application/User/obd2.c:134:6:OBD2DecodeFuelType	0	static
../Application/User/obd2.c:158:6:OBD2DecodeFuelSystemStatus	0	static
../Application/User/obd2.c:185:10:OBD2DecodeDistanceTraveled	0	static
../Application/User/obd2.c:191:6:OBD2DecodeSupportedPIDs	0	static
../Application/User/obd2.c:206:10:OBD2DecodeFuelRailPressure	0	static
../Application/User/obd2.c:210:10:OBD2DecodeDistanceSinceCodeCleared	0	static
../Application/User/obd2.c:214:10:OBD2DecodeAbsoluteBarometricPressure	0	static
../Application/User/obd2.c:219:7:OBD2DecodeCatalystTemperature	0	static
../Application/User/obd2.c:223:7:OBD2DecodeControlModuleVoltage	0	static
../Application/User/obd2.c:227:10:OBD2DecodeAmbientAirTemperature	0	static
../Application/User/obd2.c:231:7:OBD2DecodeAcceleratedPedalPosition	0	static
../Application/User/obd2.c:235:10:OBD2DecodeFuelInjectionTiming	0	static
../Application/User/obd2.c:239:7:OBD2DecodeCommandedThrottlePosition	0	static
../Application/User/obd2.c:243:7:OBD2DecodeCommandedEvaporatePurge	0	static
../Application/User/obd2.c:247:7:OBD2DecodeCommandedEGR	0	static
../Application/User/obd2.c:251:10:OBD2DecodeCommandedEGRError	0	static
