../../Middlewares/ST/touchgfx/framework/include/touchgfx/Screen.hpp:104:18:virtual void touchgfx::Screen::afterTransition()	0	static
../../Middlewares/ST/touchgfx/framework/include/touchgfx/Screen.hpp:144:18:virtual void touchgfx::Screen::handleTickEvent()	0	static
../../Middlewares/ST/touchgfx/framework/include/touchgfx/Screen.hpp:154:18:virtual void touchgfx::Screen::handleKeyEvent(uint8_t)	0	static
C:/TouchGFXProjects/OBD2/TouchGFX/gui/src/screen1_screen/Screen1View.cpp:20:6:virtual void Screen1View::tearDownScreen()	0	static
../../Middlewares/ST/touchgfx/framework/include/touchgfx/Callback.hpp:290:8:touchgfx::Callback<Screen1View, const touchgfx::Image&, const touchgfx::ClickEvent&>::~Callback()	0	static
../../Middlewares/ST/touchgfx/framework/include/touchgfx/Callback.hpp:318:18:void touchgfx::Callback<dest_type, T1, T2, void>::execute(T1, T2) [with dest_type = Screen1View; T1 = const touchgfx::Image&; T2 = const touchgfx::ClickEvent&]	8	static
../../Middlewares/ST/touchgfx/framework/include/touchgfx/Callback.hpp:328:18:bool touchgfx::Callback<dest_type, T1, T2, void>::isValid() const [with dest_type = Screen1View; T1 = const touchgfx::Image&; T2 = const touchgfx::ClickEvent&]	0	static
../../Middlewares/ST/touchgfx/framework/include/touchgfx/Callback.hpp:290:8:virtual touchgfx::Callback<Screen1View, const touchgfx::Image&, const touchgfx::ClickEvent&>::~Callback()	8	static
../../TouchGFX/gui/include/gui/screen1_screen/Screen1View.hpp:12:13:Screen1View::~Screen1View()	8	static
../../TouchGFX/gui/include/gui/screen1_screen/Screen1View.hpp:12:13:virtual Screen1View::~Screen1View()	8	static
C:/TouchGFXProjects/OBD2/TouchGFX/gui/src/screen1_screen/Screen1View.cpp:27:6:void Screen1View::backgroundClickHandler(const touchgfx::Image&, const touchgfx::ClickEvent&)	8	static
C:/TouchGFXProjects/OBD2/TouchGFX/gui/src/screen1_screen/Screen1View.cpp:3:1:Screen1View::Screen1View()	8	static
C:/TouchGFXProjects/OBD2/TouchGFX/gui/src/screen1_screen/Screen1View.cpp:11:6:virtual void Screen1View::setupScreen()	16	static
C:/TouchGFXProjects/OBD2/TouchGFX/gui/src/screen1_screen/Screen1View.cpp:40:6:void Screen1View::updateSpeed(uint32_t)	16	static
C:/TouchGFXProjects/OBD2/TouchGFX/gui/src/screen1_screen/Screen1View.cpp:49:6:void Screen1View::updateRPMs(uint32_t)	16	static
C:/TouchGFXProjects/OBD2/TouchGFX/gui/src/screen1_screen/Screen1View.cpp:58:6:void Screen1View::updateEngineLoad(float)	16	static
C:/TouchGFXProjects/OBD2/TouchGFX/gui/src/screen1_screen/Screen1View.cpp:65:6:void Screen1View::updateCoolantTemp(uint32_t)	16	static
C:/TouchGFXProjects/OBD2/TouchGFX/gui/src/screen1_screen/Screen1View.cpp:73:6:void Screen1View::updateIntakeAirTemp(uint32_t)	8	static
C:/TouchGFXProjects/OBD2/TouchGFX/gui/src/screen1_screen/Screen1View.cpp:80:6:void Screen1View::updateAmbientAirTemp(uint32_t)	16	static
C:/TouchGFXProjects/OBD2/TouchGFX/gui/src/screen1_screen/Screen1View.cpp:88:6:void Screen1View::updateMAFRate(float)	16	static
C:/TouchGFXProjects/OBD2/TouchGFX/gui/src/screen1_screen/Screen1View.cpp:95:6:void Screen1View::updateManifoldPressure(uint32_t)	8	static
C:/TouchGFXProjects/OBD2/TouchGFX/gui/src/screen1_screen/Screen1View.cpp:102:6:void Screen1View::updateFuelPressure(uint32_t)	8	static
C:/TouchGFXProjects/OBD2/TouchGFX/gui/src/screen1_screen/Screen1View.cpp:109:6:void Screen1View::updateCatalystTemp(float)	16	static
C:/TouchGFXProjects/OBD2/TouchGFX/gui/src/screen1_screen/Screen1View.cpp:116:6:void Screen1View::updateAbsBaroPressure(uint32_t)	8	static
C:/TouchGFXProjects/OBD2/TouchGFX/gui/src/screen1_screen/Screen1View.cpp:123:6:void Screen1View::updateOxySensor1(uint32_t, float)	32	static
